// Jest Snapshot v1, https://goo.gl/fbAQLP

exports[`EmailForm Render renders correctly 1`] = `
<form>
  <div
    className="form-group"
  >
    <label
      htmlFor="inputMail"
    >
      Email :
    </label>
    <input
      id="inputMail"
      placeholder="Saisissez votre adresse e-mail"
      type="email"
    />
  </div>
  <button
    className="btn btn-primary"
    type="submit"
  >
    Envoyer
  </button>
</form>
`;
