// Jest Snapshot v1, https://goo.gl/fbAQLP

exports[`renders correctly 1`] = `
<div
  className="container"
>
  <div
    className="row"
  >
    <div
      className="col"
    >
      45
    </div>
    <div
      className="col"
    >
      2017-02-12 12:52:23
    </div>
    <div
      className="col"
    >
      <a
        href="/sessions/45"
        onClick={[Function]}
      >
        Voir l'état de la session
      </a>
    </div>
  </div>
  <div
    className="row"
  >
    <div
      className="col"
    >
      85
    </div>
    <div
      className="col"
    >
      2019-03-29 21:45:10
    </div>
    <div
      className="col"
    >
      <a
        href="/sessions/85"
        onClick={[Function]}
      >
        Voir l'état de la session
      </a>
    </div>
  </div>
</div>
`;
